192.168.0.74 - - [31/Oct/2019:20:25:50 +0900] "GET /WebJSP_JDBC_Team1/vendor/bootstrap/css/bootstrap.min.css HTTP/1.1" 200 140936
192.168.0.74 - - [31/Oct/2019:20:25:50 +0900] "GET /WebJSP_JDBC_Team1/img/avatar-6.jpg HTTP/1.1" 200 8773
192.168.0.74 - - [31/Oct/2019:20:25:50 +0900] "GET /WebJSP_JDBC_Team1/vendor/bootstrap/css/bootstrap.min.css HTTP/1.1" 200 140936
192.168.0.74 - - [31/Oct/2019:20:25:50 +0900] "GET /WebJSP_JDBC_Team1/vendor/bootstrap/css/bootstrap.min.css HTTP/1.1" 200 140936
192.168.0.74 - - [31/Oct/2019:20:25:50 +0900] "GET /WebJSP_JDBC_Team1/vendor/bootstrap/css/bootstrap.min.css.map HTTP/1.1" 404 1191
192.168.0.74 - - [31/Oct/2019:20:25:50 +0900] "GET /WebJSP_JDBC_Team1/vendor/bootstrap/css/bootstrap.min.css.map HTTP/1.1" 404 1191
192.168.0.74 - - [31/Oct/2019:20:25:53 +0900] "GET /WebJSP_JDBC_Team1/login.jsp HTTP/1.1" 200 6647
192.168.0.74 - - [31/Oct/2019:20:25:53 +0900] "GET /WebJSP_JDBC_Team1/vendor/bootstrap/css/bootstrap.min.css HTTP/1.1" 200 140936
192.168.0.74 - - [31/Oct/2019:20:25:53 +0900] "GET /WebJSP_JDBC_Team1/img/avatar-6.jpg HTTP/1.1" 200 8773
192.168.0.74 - - [31/Oct/2019:20:25:53 +0900] "GET /WebJSP_JDBC_Team1/vendor/jquery/jquery.min.js HTTP/1.1" 200 86927
192.168.0.74 - - [31/Oct/2019:20:25:53 +0900] "GET /WebJSP_JDBC_Team1/vendor/bootstrap/css/bootstrap.min.css HTTP/1.1" 200 140936
192.168.0.74 - - [31/Oct/2019:20:25:53 +0900] "GET /WebJSP_JDBC_Team1/vendor/bootstrap/css/bootstrap.min.css HTTP/1.1" 200 140936
192.168.0.74 - - [31/Oct/2019:20:25:53 +0900] "GET /WebJSP_JDBC_Team1/vendor/bootstrap/css/bootstrap.min.css.map HTTP/1.1" 404 1191
192.168.0.74 - - [31/Oct/2019:20:25:53 +0900] "GET /WebJSP_JDBC_Team1/vendor/bootstrap/css/bootstrap.min.css.map HTTP/1.1" 404 1191
192.168.0.26 - - [31/Oct/2019:20:26:21 +0900] "GET /WebJSP_JDBC_Team1/index.jsp HTTP/1.1" 200 5814
192.168.0.26 - - [31/Oct/2019:20:26:22 +0900] "GET /WebJSP_JDBC_Team1/login.jsp HTTP/1.1" 200 6647
192.168.0.26 - - [31/Oct/2019:20:26:23 +0900] "GET /WebJSP_JDBC_Team1/signup.jsp HTTP/1.1" 200 10686
192.168.0.26 - - [31/Oct/2019:20:26:24 +0900] "GET /WebJSP_JDBC_Team1/login.jsp HTTP/1.1" 200 6647
192.168.0.26 - - [31/Oct/2019:20:26:25 +0900] "GET /WebJSP_JDBC_Team1/signup.jsp HTTP/1.1" 200 10686
192.168.0.26 - - [31/Oct/2019:20:26:26 +0900] "GET /WebJSP_JDBC_Team1/login.jsp HTTP/1.1" 200 6647
192.168.0.26 - - [31/Oct/2019:20:27:16 +0900] "GET /WebJSP_JDBC_Team1/loginok.jsp?id=%E3%85%87%E3%85%87%E3%85%87&pwd=111 HTTP/1.1" 302 -
192.168.0.26 - - [31/Oct/2019:20:27:16 +0900] "GET /WebJSP_JDBC_Team1/signup.jsp HTTP/1.1" 200 11018
192.168.0.26 - - [31/Oct/2019:20:27:18 +0900] "GET /WebJSP_JDBC_Team1/login.jsp HTTP/1.1" 200 6647
192.168.0.26 - - [31/Oct/2019:20:27:18 +0900] "GET /WebJSP_JDBC_Team1/signup.jsp HTTP/1.1" 200 11018
192.168.0.11 - - [31/Oct/2019:20:27:48 +0900] "GET /WebJSP_JDBC_Team1/index.jsp HTTP/1.1" 200 5814
192.168.0.11 - - [31/Oct/2019:20:27:50 +0900] "GET /WebJSP_JDBC_Team1/login.jsp HTTP/1.1" 200 6647
192.168.0.146 - - [31/Oct/2019:20:33:18 +0900] "GET /WebJSP_JDBC_Team1/memberlist.jsp HTTP/1.1" 200 7049
0:0:0:0:0:0:0:1 - - [31/Oct/2019:20:33:18 +0900] "GET /WebJSP_JDBC_Team1/img/favicon.png?3 HTTP/1.1" 200 2625
192.168.0.146 - - [31/Oct/2019:20:33:21 +0900] "GET /WebJSP_JDBC_Team1/logout.jsp HTTP/1.1" 302 -
192.168.0.146 - - [31/Oct/2019:20:33:21 +0900] "GET /WebJSP_JDBC_Team1/login.jsp HTTP/1.1" 200 6647
192.168.0.146 - - [31/Oct/2019:20:33:23 +0900] "GET /WebJSP_JDBC_Team1/signup.jsp HTTP/1.1" 200 11524
0:0:0:0:0:0:0:1 - - [31/Oct/2019:20:34:07 +0900] "GET /WebJSP_JDBC_Team1/vendor/bootstrap/js/bootstrap.min.js.map HTTP/1.1" 404 1189
0:0:0:0:0:0:0:1 - - [31/Oct/2019:20:34:07 +0900] "GET /WebJSP_JDBC_Team1/vendor/popper.js/umd/popper.min.js.map HTTP/1.1" 404 1187
0:0:0:0:0:0:0:1 - - [31/Oct/2019:20:34:07 +0900] "GET /sm/203d9606ffea7a776ef56994ac4d4a1ab0a18611bf5f22fd2f82e9b682eea54f.map HTTP/1.1" 404 1190
192.168.0.146 - - [31/Oct/2019:20:34:08 +0900] "GET /WebJSP_JDBC_Team1/vendor/bootstrap/css/bootstrap.min.css.map HTTP/1.1" 404 1191
192.168.0.74 - - [31/Oct/2019:20:37:50 +0900] "GET /WebJSP_JDBC_Team1/login.jsp HTTP/1.1" 200 6647
192.168.0.74 - - [31/Oct/2019:20:37:50 +0900] "GET /WebJSP_JDBC_Team1/img/avatar-6.jpg HTTP/1.1" 200 8773
192.168.0.74 - - [31/Oct/2019:20:37:50 +0900] "GET /WebJSP_JDBC_Team1/vendor/bootstrap/css/bootstrap.min.css HTTP/1.1" 200 140936
192.168.0.74 - - [31/Oct/2019:20:37:50 +0900] "GET /WebJSP_JDBC_Team1/vendor/jquery/jquery.min.js HTTP/1.1" 200 86927
192.168.0.74 - - [31/Oct/2019:20:37:50 +0900] "GET /WebJSP_JDBC_Team1/vendor/bootstrap/css/bootstrap.min.css HTTP/1.1" 200 140936
192.168.0.74 - - [31/Oct/2019:20:37:50 +0900] "GET /WebJSP_JDBC_Team1/vendor/bootstrap/css/bootstrap.min.css HTTP/1.1" 200 140936
192.168.0.74 - - [31/Oct/2019:20:37:51 +0900] "GET /WebJSP_JDBC_Team1/vendor/bootstrap/css/bootstrap.min.css.map HTTP/1.1" 404 1191
192.168.0.74 - - [31/Oct/2019:20:37:51 +0900] "GET /WebJSP_JDBC_Team1/vendor/bootstrap/css/bootstrap.min.css.map HTTP/1.1" 404 1191
192.168.0.74 - - [31/Oct/2019:20:37:53 +0900] "GET /WebJSP_JDBC_Team1/signup.jsp HTTP/1.1" 200 11523
192.168.0.74 - - [31/Oct/2019:20:37:53 +0900] "GET /WebJSP_JDBC_Team1/vendor/bootstrap/css/bootstrap.min.css HTTP/1.1" 200 140936
192.168.0.74 - - [31/Oct/2019:20:37:53 +0900] "GET /WebJSP_JDBC_Team1/img/avatar-6.jpg HTTP/1.1" 200 8773
192.168.0.74 - - [31/Oct/2019:20:37:53 +0900] "GET /WebJSP_JDBC_Team1/vendor/jquery/jquery.min.js HTTP/1.1" 200 86927
192.168.0.74 - - [31/Oct/2019:20:37:53 +0900] "GET /WebJSP_JDBC_Team1/vendor/bootstrap/css/bootstrap.min.css HTTP/1.1" 200 140936
192.168.0.74 - - [31/Oct/2019:20:37:53 +0900] "GET /WebJSP_JDBC_Team1/vendor/bootstrap/css/bootstrap.min.css HTTP/1.1" 200 140936
192.168.0.74 - - [31/Oct/2019:20:37:53 +0900] "GET /WebJSP_JDBC_Team1/vendor/bootstrap/css/bootstrap.min.css.map HTTP/1.1" 404 1191
192.168.0.74 - - [31/Oct/2019:20:37:53 +0900] "GET /WebJSP_JDBC_Team1/vendor/bootstrap/css/bootstrap.min.css.map HTTP/1.1" 404 1191
192.168.0.146 - - [31/Oct/2019:20:38:26 +0900] "GET /WebJSP_JDBC_Team1/signup.jsp HTTP/1.1" 200 11523
192.168.0.146 - - [31/Oct/2019:20:38:26 +0900] "GET /WebJSP_JDBC_Team1/signup.jsp HTTP/1.1" 200 11523
192.168.0.146 - - [31/Oct/2019:20:38:27 +0900] "GET /WebJSP_JDBC_Team1/signup.jsp HTTP/1.1" 200 11523
192.168.0.146 - - [31/Oct/2019:20:38:27 +0900] "GET /WebJSP_JDBC_Team1/signup.jsp HTTP/1.1" 200 11523
192.168.0.146 - - [31/Oct/2019:20:38:27 +0900] "GET /WebJSP_JDBC_Team1/signup.jsp HTTP/1.1" 200 11523
192.168.0.146 - - [31/Oct/2019:20:38:27 +0900] "GET /WebJSP_JDBC_Team1/signup.jsp HTTP/1.1" 200 11523
192.168.0.146 - - [31/Oct/2019:20:38:27 +0900] "GET /WebJSP_JDBC_Team1/signup.jsp HTTP/1.1" 200 11523
192.168.0.146 - - [31/Oct/2019:20:38:27 +0900] "GET /WebJSP_JDBC_Team1/signup.jsp HTTP/1.1" 200 11523
192.168.0.146 - - [31/Oct/2019:20:38:27 +0900] "GET /WebJSP_JDBC_Team1/signup.jsp HTTP/1.1" 200 11523
0:0:0:0:0:0:0:1 - - [31/Oct/2019:20:38:28 +0900] "GET /WebJSP_JDBC_Team1/img/favicon.png?3 HTTP/1.1" 200 2625
192.168.0.146 - - [31/Oct/2019:20:38:28 +0900] "GET /WebJSP_JDBC_Team1/signup.jsp HTTP/1.1" 200 11523
0:0:0:0:0:0:0:1 - - [31/Oct/2019:20:38:28 +0900] "GET /WebJSP_JDBC_Team1/img/favicon.png?3 HTTP/1.1" 200 2625
192.168.0.146 - - [31/Oct/2019:20:38:28 +0900] "GET /WebJSP_JDBC_Team1/signup.jsp HTTP/1.1" 200 11523
0:0:0:0:0:0:0:1 - - [31/Oct/2019:20:38:28 +0900] "GET /WebJSP_JDBC_Team1/img/favicon.png?3 HTTP/1.1" 200 2625
192.168.0.146 - - [31/Oct/2019:20:38:28 +0900] "GET /WebJSP_JDBC_Team1/signup.jsp HTTP/1.1" 200 11523
0:0:0:0:0:0:0:1 - - [31/Oct/2019:20:38:28 +0900] "GET /WebJSP_JDBC_Team1/img/favicon.png?3 HTTP/1.1" 200 2625
192.168.0.146 - - [31/Oct/2019:20:40:11 +0900] "GET /WebJSP_JDBC_Team1/signup.jsp HTTP/1.1" 200 11563
0:0:0:0:0:0:0:1 - - [31/Oct/2019:20:40:11 +0900] "GET /WebJSP_JDBC_Team1/img/favicon.png?3 HTTP/1.1" 200 2625
192.168.0.146 - - [31/Oct/2019:20:40:11 +0900] "GET /WebJSP_JDBC_Team1/signup.jsp HTTP/1.1" 200 11563
0:0:0:0:0:0:0:1 - - [31/Oct/2019:20:40:11 +0900] "GET /WebJSP_JDBC_Team1/img/favicon.png?3 HTTP/1.1" 200 2625
192.168.0.146 - - [31/Oct/2019:20:40:11 +0900] "GET /WebJSP_JDBC_Team1/signup.jsp HTTP/1.1" 200 11563
0:0:0:0:0:0:0:1 - - [31/Oct/2019:20:40:11 +0900] "GET /WebJSP_JDBC_Team1/img/favicon.png?3 HTTP/1.1" 200 2625
192.168.0.146 - - [31/Oct/2019:20:40:11 +0900] "GET /WebJSP_JDBC_Team1/signup.jsp HTTP/1.1" 200 11563
0:0:0:0:0:0:0:1 - - [31/Oct/2019:20:40:11 +0900] "GET /WebJSP_JDBC_Team1/img/favicon.png?3 HTTP/1.1" 200 2625
192.168.0.146 - - [31/Oct/2019:20:40:11 +0900] "GET /WebJSP_JDBC_Team1/signup.jsp HTTP/1.1" 200 11563
0:0:0:0:0:0:0:1 - - [31/Oct/2019:20:40:11 +0900] "GET /WebJSP_JDBC_Team1/img/favicon.png?3 HTTP/1.1" 200 2625
192.168.0.146 - - [31/Oct/2019:20:40:11 +0900] "GET /WebJSP_JDBC_Team1/signup.jsp HTTP/1.1" 200 11563
0:0:0:0:0:0:0:1 - - [31/Oct/2019:20:40:12 +0900] "GET /WebJSP_JDBC_Team1/img/favicon.png?3 HTTP/1.1" 200 2625
192.168.0.146 - - [31/Oct/2019:20:40:12 +0900] "GET /WebJSP_JDBC_Team1/signup.jsp HTTP/1.1" 200 11563
0:0:0:0:0:0:0:1 - - [31/Oct/2019:20:40:12 +0900] "GET /WebJSP_JDBC_Team1/img/favicon.png?3 HTTP/1.1" 200 2625
192.168.0.146 - - [31/Oct/2019:20:40:12 +0900] "GET /WebJSP_JDBC_Team1/signup.jsp HTTP/1.1" 200 11563
0:0:0:0:0:0:0:1 - - [31/Oct/2019:20:40:12 +0900] "GET /WebJSP_JDBC_Team1/img/favicon.png?3 HTTP/1.1" 200 2625
192.168.0.146 - - [31/Oct/2019:20:40:12 +0900] "GET /WebJSP_JDBC_Team1/signup.jsp HTTP/1.1" 200 11563
0:0:0:0:0:0:0:1 - - [31/Oct/2019:20:40:12 +0900] "GET /WebJSP_JDBC_Team1/img/favicon.png?3 HTTP/1.1" 200 2625
192.168.0.146 - - [31/Oct/2019:20:40:12 +0900] "GET /WebJSP_JDBC_Team1/signup.jsp HTTP/1.1" 200 11563
0:0:0:0:0:0:0:1 - - [31/Oct/2019:20:40:12 +0900] "GET /WebJSP_JDBC_Team1/img/favicon.png?3 HTTP/1.1" 200 2625
192.168.0.146 - - [31/Oct/2019:20:40:21 +0900] "GET /WebJSP_JDBC_Team1/signup.jsp HTTP/1.1" 200 11563
0:0:0:0:0:0:0:1 - - [31/Oct/2019:20:40:21 +0900] "GET /WebJSP_JDBC_Team1/img/favicon.png?3 HTTP/1.1" 200 2625
192.168.0.146 - - [31/Oct/2019:20:40:21 +0900] "GET /WebJSP_JDBC_Team1/signup.jsp HTTP/1.1" 200 11563
0:0:0:0:0:0:0:1 - - [31/Oct/2019:20:40:21 +0900] "GET /WebJSP_JDBC_Team1/img/favicon.png?3 HTTP/1.1" 200 2625
192.168.0.146 - - [31/Oct/2019:20:40:32 +0900] "GET /WebJSP_JDBC_Team1/signup.jsp HTTP/1.1" 200 11563
0:0:0:0:0:0:0:1 - - [31/Oct/2019:20:40:32 +0900] "GET /WebJSP_JDBC_Team1/img/favicon.png?3 HTTP/1.1" 200 2625
192.168.0.146 - - [31/Oct/2019:20:40:32 +0900] "GET /WebJSP_JDBC_Team1/signup.jsp HTTP/1.1" 200 11563
0:0:0:0:0:0:0:1 - - [31/Oct/2019:20:40:32 +0900] "GET /WebJSP_JDBC_Team1/img/favicon.png?3 HTTP/1.1" 200 2625
192.168.0.146 - - [31/Oct/2019:20:40:32 +0900] "GET /WebJSP_JDBC_Team1/signup.jsp HTTP/1.1" 200 11563
0:0:0:0:0:0:0:1 - - [31/Oct/2019:20:40:33 +0900] "GET /WebJSP_JDBC_Team1/img/favicon.png?3 HTTP/1.1" 200 2625
192.168.0.146 - - [31/Oct/2019:20:40:33 +0900] "GET /WebJSP_JDBC_Team1/signup.jsp HTTP/1.1" 200 11563
0:0:0:0:0:0:0:1 - - [31/Oct/2019:20:40:33 +0900] "GET /WebJSP_JDBC_Team1/img/favicon.png?3 HTTP/1.1" 200 2625
192.168.0.146 - - [31/Oct/2019:20:40:33 +0900] "GET /WebJSP_JDBC_Team1/signup.jsp HTTP/1.1" 200 11563
0:0:0:0:0:0:0:1 - - [31/Oct/2019:20:40:33 +0900] "GET /WebJSP_JDBC_Team1/img/favicon.png?3 HTTP/1.1" 200 2625
192.168.0.146 - - [31/Oct/2019:20:40:33 +0900] "GET /WebJSP_JDBC_Team1/signup.jsp HTTP/1.1" 200 11563
0:0:0:0:0:0:0:1 - - [31/Oct/2019:20:40:33 +0900] "GET /WebJSP_JDBC_Team1/img/favicon.png?3 HTTP/1.1" 200 2625
192.168.0.146 - - [31/Oct/2019:20:40:33 +0900] "GET /WebJSP_JDBC_Team1/signup.jsp HTTP/1.1" 200 11563
0:0:0:0:0:0:0:1 - - [31/Oct/2019:20:40:33 +0900] "GET /WebJSP_JDBC_Team1/img/favicon.png?3 HTTP/1.1" 200 2625
192.168.0.146 - - [31/Oct/2019:20:40:33 +0900] "GET /WebJSP_JDBC_Team1/signup.jsp HTTP/1.1" 200 11563
0:0:0:0:0:0:0:1 - - [31/Oct/2019:20:40:33 +0900] "GET /WebJSP_JDBC_Team1/img/favicon.png?3 HTTP/1.1" 200 2625
192.168.0.146 - - [31/Oct/2019:20:40:33 +0900] "GET /WebJSP_JDBC_Team1/signup.jsp HTTP/1.1" 200 11563
0:0:0:0:0:0:0:1 - - [31/Oct/2019:20:40:33 +0900] "GET /WebJSP_JDBC_Team1/img/favicon.png?3 HTTP/1.1" 200 2625
192.168.0.146 - - [31/Oct/2019:20:40:34 +0900] "GET /WebJSP_JDBC_Team1/signup.jsp HTTP/1.1" 200 11563
0:0:0:0:0:0:0:1 - - [31/Oct/2019:20:40:34 +0900] "GET /WebJSP_JDBC_Team1/img/favicon.png?3 HTTP/1.1" 200 2625
192.168.0.146 - - [31/Oct/2019:20:40:34 +0900] "GET /WebJSP_JDBC_Team1/signup.jsp HTTP/1.1" 200 11563
0:0:0:0:0:0:0:1 - - [31/Oct/2019:20:40:34 +0900] "GET /WebJSP_JDBC_Team1/img/favicon.png?3 HTTP/1.1" 200 2625
192.168.0.146 - - [31/Oct/2019:20:40:34 +0900] "GET /WebJSP_JDBC_Team1/signup.jsp HTTP/1.1" 200 11563
192.168.0.146 - - [31/Oct/2019:20:40:35 +0900] "GET /WebJSP_JDBC_Team1/login.jsp HTTP/1.1" 200 6647
192.168.0.146 - - [31/Oct/2019:20:40:36 +0900] "GET /WebJSP_JDBC_Team1/signup.jsp HTTP/1.1" 200 11563
0:0:0:0:0:0:0:1 - - [31/Oct/2019:20:40:55 +0900] "GET /WebJSP_JDBC_Team1/vendor/bootstrap/js/bootstrap.min.js.map HTTP/1.1" 404 1189
0:0:0:0:0:0:0:1 - - [31/Oct/2019:20:40:55 +0900] "GET /WebJSP_JDBC_Team1/vendor/popper.js/umd/popper.min.js.map HTTP/1.1" 404 1187
0:0:0:0:0:0:0:1 - - [31/Oct/2019:20:40:55 +0900] "GET /sm/203d9606ffea7a776ef56994ac4d4a1ab0a18611bf5f22fd2f82e9b682eea54f.map HTTP/1.1" 404 1190
0:0:0:0:0:0:0:1 - - [31/Oct/2019:20:41:04 +0900] "GET /WebJSP_JDBC_Team1/vendor/popper.js/umd/popper.min.js.map HTTP/1.1" 404 1187
0:0:0:0:0:0:0:1 - - [31/Oct/2019:20:41:04 +0900] "GET /WebJSP_JDBC_Team1/vendor/bootstrap/js/bootstrap.min.js.map HTTP/1.1" 404 1189
0:0:0:0:0:0:0:1 - - [31/Oct/2019:20:41:04 +0900] "GET /sm/203d9606ffea7a776ef56994ac4d4a1ab0a18611bf5f22fd2f82e9b682eea54f.map HTTP/1.1" 404 1190
192.168.0.146 - - [31/Oct/2019:20:41:04 +0900] "GET /WebJSP_JDBC_Team1/vendor/bootstrap/css/bootstrap.min.css.map HTTP/1.1" 404 1191
192.168.0.146 - - [31/Oct/2019:20:41:30 +0900] "GET /WebJSP_JDBC_Team1/signup.jsp HTTP/1.1" 200 11519
0:0:0:0:0:0:0:1 - - [31/Oct/2019:20:41:31 +0900] "GET /WebJSP_JDBC_Team1/vendor/bootstrap/js/bootstrap.min.js.map HTTP/1.1" 404 1189
0:0:0:0:0:0:0:1 - - [31/Oct/2019:20:41:31 +0900] "GET /WebJSP_JDBC_Team1/vendor/popper.js/umd/popper.min.js.map HTTP/1.1" 404 1187
0:0:0:0:0:0:0:1 - - [31/Oct/2019:20:41:31 +0900] "GET /sm/203d9606ffea7a776ef56994ac4d4a1ab0a18611bf5f22fd2f82e9b682eea54f.map HTTP/1.1" 404 1190
192.168.0.146 - - [31/Oct/2019:20:41:31 +0900] "GET /WebJSP_JDBC_Team1/vendor/bootstrap/css/bootstrap.min.css.map HTTP/1.1" 404 1191
0:0:0:0:0:0:0:1 - - [31/Oct/2019:20:41:31 +0900] "GET /WebJSP_JDBC_Team1/img/favicon.png?3 HTTP/1.1" 200 2625
192.168.0.146 - - [31/Oct/2019:20:42:22 +0900] "POST /WebJSP_JDBC_Team1/signupok.jsp HTTP/1.1" 200 52
192.168.0.146 - - [31/Oct/2019:20:43:06 +0900] "POST /WebJSP_JDBC_Team1/signupok.jsp HTTP/1.1" 200 52
192.168.0.146 - - [31/Oct/2019:20:43:07 +0900] "GET /WebJSP_JDBC_Team1/vendor/bootstrap/css/bootstrap.min.css.map HTTP/1.1" 404 1191
0:0:0:0:0:0:0:1 - - [31/Oct/2019:20:43:07 +0900] "GET /WebJSP_JDBC_Team1/vendor/popper.js/umd/popper.min.js.map HTTP/1.1" 404 1187
0:0:0:0:0:0:0:1 - - [31/Oct/2019:20:43:07 +0900] "GET /WebJSP_JDBC_Team1/vendor/bootstrap/js/bootstrap.min.js.map HTTP/1.1" 404 1189
0:0:0:0:0:0:0:1 - - [31/Oct/2019:20:43:07 +0900] "GET /sm/203d9606ffea7a776ef56994ac4d4a1ab0a18611bf5f22fd2f82e9b682eea54f.map HTTP/1.1" 404 1190
192.168.0.146 - - [31/Oct/2019:20:43:22 +0900] "POST /WebJSP_JDBC_Team1/signupok.jsp HTTP/1.1" 200 52
0:0:0:0:0:0:0:1 - - [31/Oct/2019:20:43:29 +0900] "GET /WebJSP_JDBC_Team1/vendor/popper.js/umd/popper.min.js.map HTTP/1.1" 404 1187
0:0:0:0:0:0:0:1 - - [31/Oct/2019:20:43:29 +0900] "GET /WebJSP_JDBC_Team1/vendor/bootstrap/js/bootstrap.min.js.map HTTP/1.1" 404 1189
0:0:0:0:0:0:0:1 - - [31/Oct/2019:20:43:29 +0900] "GET /sm/203d9606ffea7a776ef56994ac4d4a1ab0a18611bf5f22fd2f82e9b682eea54f.map HTTP/1.1" 404 1190
192.168.0.146 - - [31/Oct/2019:20:43:29 +0900] "GET /WebJSP_JDBC_Team1/vendor/bootstrap/css/bootstrap.min.css.map HTTP/1.1" 404 1191
192.168.0.146 - - [31/Oct/2019:20:43:29 +0900] "GET /WebJSP_JDBC_Team1/signup.jsp HTTP/1.1" 200 11532
192.168.0.146 - - [31/Oct/2019:20:43:29 +0900] "GET /WebJSP_JDBC_Team1/vendor/bootstrap/css/bootstrap.min.css.map HTTP/1.1" 404 1191
0:0:0:0:0:0:0:1 - - [31/Oct/2019:20:43:29 +0900] "GET /WebJSP_JDBC_Team1/vendor/popper.js/umd/popper.min.js.map HTTP/1.1" 404 1187
0:0:0:0:0:0:0:1 - - [31/Oct/2019:20:43:29 +0900] "GET /WebJSP_JDBC_Team1/vendor/bootstrap/js/bootstrap.min.js.map HTTP/1.1" 404 1189
0:0:0:0:0:0:0:1 - - [31/Oct/2019:20:43:29 +0900] "GET /sm/203d9606ffea7a776ef56994ac4d4a1ab0a18611bf5f22fd2f82e9b682eea54f.map HTTP/1.1" 404 1190
0:0:0:0:0:0:0:1 - - [31/Oct/2019:20:43:29 +0900] "GET /WebJSP_JDBC_Team1/img/favicon.png?3 HTTP/1.1" 200 2625
192.168.0.146 - - [31/Oct/2019:20:43:30 +0900] "GET /WebJSP_JDBC_Team1/signup.jsp HTTP/1.1" 200 11532
192.168.0.146 - - [31/Oct/2019:20:43:30 +0900] "GET /WebJSP_JDBC_Team1/vendor/bootstrap/css/bootstrap.min.css.map HTTP/1.1" 404 1191
0:0:0:0:0:0:0:1 - - [31/Oct/2019:20:43:30 +0900] "GET /WebJSP_JDBC_Team1/vendor/popper.js/umd/popper.min.js.map HTTP/1.1" 404 1187
0:0:0:0:0:0:0:1 - - [31/Oct/2019:20:43:30 +0900] "GET /WebJSP_JDBC_Team1/vendor/bootstrap/js/bootstrap.min.js.map HTTP/1.1" 404 1189
0:0:0:0:0:0:0:1 - - [31/Oct/2019:20:43:30 +0900] "GET /sm/203d9606ffea7a776ef56994ac4d4a1ab0a18611bf5f22fd2f82e9b682eea54f.map HTTP/1.1" 404 1190
0:0:0:0:0:0:0:1 - - [31/Oct/2019:20:43:30 +0900] "GET /WebJSP_JDBC_Team1/img/favicon.png?3 HTTP/1.1" 200 2625
192.168.0.146 - - [31/Oct/2019:20:43:30 +0900] "GET /WebJSP_JDBC_Team1/signup.jsp HTTP/1.1" 200 11532
0:0:0:0:0:0:0:1 - - [31/Oct/2019:20:43:30 +0900] "GET /WebJSP_JDBC_Team1/vendor/popper.js/umd/popper.min.js.map HTTP/1.1" 404 1187
0:0:0:0:0:0:0:1 - - [31/Oct/2019:20:43:30 +0900] "GET /WebJSP_JDBC_Team1/vendor/bootstrap/js/bootstrap.min.js.map HTTP/1.1" 404 1189
0:0:0:0:0:0:0:1 - - [31/Oct/2019:20:43:30 +0900] "GET /sm/203d9606ffea7a776ef56994ac4d4a1ab0a18611bf5f22fd2f82e9b682eea54f.map HTTP/1.1" 404 1190
192.168.0.146 - - [31/Oct/2019:20:43:30 +0900] "GET /WebJSP_JDBC_Team1/vendor/bootstrap/css/bootstrap.min.css.map HTTP/1.1" 404 1191
0:0:0:0:0:0:0:1 - - [31/Oct/2019:20:43:30 +0900] "GET /WebJSP_JDBC_Team1/img/favicon.png?3 HTTP/1.1" 200 2625
192.168.0.146 - - [31/Oct/2019:20:43:30 +0900] "GET /WebJSP_JDBC_Team1/signup.jsp HTTP/1.1" 200 11532
192.168.0.146 - - [31/Oct/2019:20:43:30 +0900] "GET /WebJSP_JDBC_Team1/vendor/bootstrap/css/bootstrap.min.css.map HTTP/1.1" 404 1191
0:0:0:0:0:0:0:1 - - [31/Oct/2019:20:43:30 +0900] "GET /WebJSP_JDBC_Team1/vendor/bootstrap/js/bootstrap.min.js.map HTTP/1.1" 404 1189
0:0:0:0:0:0:0:1 - - [31/Oct/2019:20:43:30 +0900] "GET /WebJSP_JDBC_Team1/vendor/popper.js/umd/popper.min.js.map HTTP/1.1" 404 1187
0:0:0:0:0:0:0:1 - - [31/Oct/2019:20:43:30 +0900] "GET /sm/203d9606ffea7a776ef56994ac4d4a1ab0a18611bf5f22fd2f82e9b682eea54f.map HTTP/1.1" 404 1190
192.168.0.146 - - [31/Oct/2019:20:43:30 +0900] "GET /WebJSP_JDBC_Team1/signup.jsp HTTP/1.1" 200 11532
192.168.0.146 - - [31/Oct/2019:20:43:30 +0900] "GET /WebJSP_JDBC_Team1/vendor/bootstrap/css/bootstrap.min.css.map HTTP/1.1" 404 1191
0:0:0:0:0:0:0:1 - - [31/Oct/2019:20:43:30 +0900] "GET /WebJSP_JDBC_Team1/vendor/popper.js/umd/popper.min.js.map HTTP/1.1" 404 1187
0:0:0:0:0:0:0:1 - - [31/Oct/2019:20:43:30 +0900] "GET /WebJSP_JDBC_Team1/vendor/bootstrap/js/bootstrap.min.js.map HTTP/1.1" 404 1189
0:0:0:0:0:0:0:1 - - [31/Oct/2019:20:43:30 +0900] "GET /sm/203d9606ffea7a776ef56994ac4d4a1ab0a18611bf5f22fd2f82e9b682eea54f.map HTTP/1.1" 404 1190
0:0:0:0:0:0:0:1 - - [31/Oct/2019:20:43:30 +0900] "GET /WebJSP_JDBC_Team1/img/favicon.png?3 HTTP/1.1" 200 2625
192.168.0.146 - - [31/Oct/2019:20:43:59 +0900] "POST /WebJSP_JDBC_Team1/signupok.jsp HTTP/1.1" 200 61
192.168.0.146 - - [31/Oct/2019:20:44:39 +0900] "POST /WebJSP_JDBC_Team1/signupok.jsp HTTP/1.1" 200 61
0:0:0:0:0:0:0:1 - - [31/Oct/2019:20:44:40 +0900] "GET /WebJSP_JDBC_Team1/vendor/popper.js/umd/popper.min.js.map HTTP/1.1" 404 1187
192.168.0.146 - - [31/Oct/2019:20:44:41 +0900] "GET /WebJSP_JDBC_Team1/vendor/bootstrap/css/bootstrap.min.css.map HTTP/1.1" 404 1191
0:0:0:0:0:0:0:1 - - [31/Oct/2019:20:44:41 +0900] "GET /WebJSP_JDBC_Team1/vendor/bootstrap/js/bootstrap.min.js.map HTTP/1.1" 404 1189
0:0:0:0:0:0:0:1 - - [31/Oct/2019:20:44:41 +0900] "GET /sm/203d9606ffea7a776ef56994ac4d4a1ab0a18611bf5f22fd2f82e9b682eea54f.map HTTP/1.1" 404 1190
192.168.0.146 - - [31/Oct/2019:20:44:41 +0900] "GET /WebJSP_JDBC_Team1/signup.jsp HTTP/1.1" 200 11499
192.168.0.146 - - [31/Oct/2019:20:44:41 +0900] "GET /WebJSP_JDBC_Team1/vendor/bootstrap/css/bootstrap.min.css.map HTTP/1.1" 404 1191
0:0:0:0:0:0:0:1 - - [31/Oct/2019:20:44:41 +0900] "GET /WebJSP_JDBC_Team1/vendor/popper.js/umd/popper.min.js.map HTTP/1.1" 404 1187
0:0:0:0:0:0:0:1 - - [31/Oct/2019:20:44:41 +0900] "GET /WebJSP_JDBC_Team1/vendor/bootstrap/js/bootstrap.min.js.map HTTP/1.1" 404 1189
0:0:0:0:0:0:0:1 - - [31/Oct/2019:20:44:41 +0900] "GET /sm/203d9606ffea7a776ef56994ac4d4a1ab0a18611bf5f22fd2f82e9b682eea54f.map HTTP/1.1" 404 1190
0:0:0:0:0:0:0:1 - - [31/Oct/2019:20:44:41 +0900] "GET /WebJSP_JDBC_Team1/img/favicon.png?3 HTTP/1.1" 200 2625
192.168.0.11 - - [31/Oct/2019:20:45:08 +0900] "GET /WebJSP_JDBC_Team1/login.jsp HTTP/1.1" 200 6647
192.168.0.11 - - [31/Oct/2019:20:45:09 +0900] "GET /WebJSP_JDBC_Team1/login.jsp HTTP/1.1" 200 6647
192.168.0.11 - - [31/Oct/2019:20:45:10 +0900] "GET /WebJSP_JDBC_Team1/signup.jsp HTTP/1.1" 200 11499
192.168.0.11 - - [31/Oct/2019:20:45:11 +0900] "GET /WebJSP_JDBC_Team1/login.jsp HTTP/1.1" 200 6647
192.168.0.11 - - [31/Oct/2019:20:45:12 +0900] "GET /WebJSP_JDBC_Team1/login.jsp HTTP/1.1" 200 6647
192.168.0.11 - - [31/Oct/2019:20:45:12 +0900] "GET /WebJSP_JDBC_Team1/login.jsp HTTP/1.1" 200 6647
192.168.0.11 - - [31/Oct/2019:20:45:12 +0900] "GET /WebJSP_JDBC_Team1/login.jsp HTTP/1.1" 200 6647
192.168.0.11 - - [31/Oct/2019:20:45:13 +0900] "GET /WebJSP_JDBC_Team1/login.jsp HTTP/1.1" 200 6647
192.168.0.11 - - [31/Oct/2019:20:45:13 +0900] "GET /WebJSP_JDBC_Team1/login.jsp HTTP/1.1" 200 6647
192.168.0.11 - - [31/Oct/2019:20:45:13 +0900] "GET /WebJSP_JDBC_Team1/signup.jsp HTTP/1.1" 200 11499
192.168.0.11 - - [31/Oct/2019:20:45:14 +0900] "GET /WebJSP_JDBC_Team1/login.jsp HTTP/1.1" 200 6647
192.168.0.146 - - [31/Oct/2019:20:45:19 +0900] "GET /WebJSP_JDBC_Team1/signup.jsp HTTP/1.1" 200 11499
0:0:0:0:0:0:0:1 - - [31/Oct/2019:20:45:19 +0900] "GET /WebJSP_JDBC_Team1/vendor/popper.js/umd/popper.min.js.map HTTP/1.1" 404 1187
0:0:0:0:0:0:0:1 - - [31/Oct/2019:20:45:19 +0900] "GET /WebJSP_JDBC_Team1/vendor/bootstrap/js/bootstrap.min.js.map HTTP/1.1" 404 1189
0:0:0:0:0:0:0:1 - - [31/Oct/2019:20:45:19 +0900] "GET /sm/203d9606ffea7a776ef56994ac4d4a1ab0a18611bf5f22fd2f82e9b682eea54f.map HTTP/1.1" 404 1190
192.168.0.146 - - [31/Oct/2019:20:45:19 +0900] "GET /WebJSP_JDBC_Team1/vendor/bootstrap/css/bootstrap.min.css.map HTTP/1.1" 404 1191
0:0:0:0:0:0:0:1 - - [31/Oct/2019:20:45:20 +0900] "GET /WebJSP_JDBC_Team1/img/favicon.png?3 HTTP/1.1" 200 2625
192.168.0.146 - - [31/Oct/2019:20:45:20 +0900] "GET /WebJSP_JDBC_Team1/signup.jsp HTTP/1.1" 200 11499
192.168.0.11 - - [31/Oct/2019:20:45:20 +0900] "GET /WebJSP_JDBC_Team1/loginok.jsp?id=1&pwd=1 HTTP/1.1" 302 -
192.168.0.11 - - [31/Oct/2019:20:45:20 +0900] "GET /WebJSP_JDBC_Team1/signup.jsp HTTP/1.1" 200 11499
0:0:0:0:0:0:0:1 - - [31/Oct/2019:20:45:20 +0900] "GET /WebJSP_JDBC_Team1/img/favicon.png?3 HTTP/1.1" 200 2625
192.168.0.146 - - [31/Oct/2019:20:45:20 +0900] "GET /WebJSP_JDBC_Team1/vendor/bootstrap/css/bootstrap.min.css.map HTTP/1.1" 404 1191
0:0:0:0:0:0:0:1 - - [31/Oct/2019:20:45:20 +0900] "GET /WebJSP_JDBC_Team1/vendor/bootstrap/js/bootstrap.min.js.map HTTP/1.1" 404 1189
0:0:0:0:0:0:0:1 - - [31/Oct/2019:20:45:20 +0900] "GET /WebJSP_JDBC_Team1/vendor/popper.js/umd/popper.min.js.map HTTP/1.1" 404 1187
0:0:0:0:0:0:0:1 - - [31/Oct/2019:20:45:20 +0900] "GET /sm/203d9606ffea7a776ef56994ac4d4a1ab0a18611bf5f22fd2f82e9b682eea54f.map HTTP/1.1" 404 1190
192.168.0.146 - - [31/Oct/2019:20:45:20 +0900] "GET /WebJSP_JDBC_Team1/signup.jsp HTTP/1.1" 200 11499
192.168.0.146 - - [31/Oct/2019:20:45:20 +0900] "GET /WebJSP_JDBC_Team1/signup.jsp HTTP/1.1" 200 11499
192.168.0.146 - - [31/Oct/2019:20:45:20 +0900] "GET /WebJSP_JDBC_Team1/vendor/bootstrap/css/bootstrap.min.css.map HTTP/1.1" 404 1191
0:0:0:0:0:0:0:1 - - [31/Oct/2019:20:45:20 +0900] "GET /WebJSP_JDBC_Team1/vendor/bootstrap/js/bootstrap.min.js.map HTTP/1.1" 404 1189
0:0:0:0:0:0:0:1 - - [31/Oct/2019:20:45:20 +0900] "GET /WebJSP_JDBC_Team1/vendor/popper.js/umd/popper.min.js.map HTTP/1.1" 404 1187
0:0:0:0:0:0:0:1 - - [31/Oct/2019:20:45:20 +0900] "GET /sm/203d9606ffea7a776ef56994ac4d4a1ab0a18611bf5f22fd2f82e9b682eea54f.map HTTP/1.1" 404 1190
192.168.0.146 - - [31/Oct/2019:20:45:20 +0900] "GET /WebJSP_JDBC_Team1/vendor/bootstrap/css/bootstrap.min.css.map HTTP/1.1" 404 1191
0:0:0:0:0:0:0:1 - - [31/Oct/2019:20:45:20 +0900] "GET /WebJSP_JDBC_Team1/img/favicon.png?3 HTTP/1.1" 200 2625
0:0:0:0:0:0:0:1 - - [31/Oct/2019:20:45:20 +0900] "GET /WebJSP_JDBC_Team1/vendor/popper.js/umd/popper.min.js.map HTTP/1.1" 404 1187
0:0:0:0:0:0:0:1 - - [31/Oct/2019:20:45:20 +0900] "GET /WebJSP_JDBC_Team1/vendor/bootstrap/js/bootstrap.min.js.map HTTP/1.1" 404 1189
0:0:0:0:0:0:0:1 - - [31/Oct/2019:20:45:20 +0900] "GET /sm/203d9606ffea7a776ef56994ac4d4a1ab0a18611bf5f22fd2f82e9b682eea54f.map HTTP/1.1" 404 1190
192.168.0.11 - - [31/Oct/2019:20:45:28 +0900] "GET /WebJSP_JDBC_Team1/loginok.jsp?id=admin&pwd=1004 HTTP/1.1" 302 -
192.168.0.11 - - [31/Oct/2019:20:45:28 +0900] "GET /WebJSP_JDBC_Team1/index.jsp HTTP/1.1" 200 5809
192.168.0.146 - - [31/Oct/2019:20:45:34 +0900] "POST /WebJSP_JDBC_Team1/signupok.jsp HTTP/1.1" 200 103
192.168.0.146 - - [31/Oct/2019:20:45:34 +0900] "GET /WebJSP_JDBC_Team1/login.jsp HTTP/1.1" 200 6647
192.168.0.11 - - [31/Oct/2019:20:45:34 +0900] "GET /WebJSP_JDBC_Team1/memberlist.jsp HTTP/1.1" 200 5756
0:0:0:0:0:0:0:1 - - [31/Oct/2019:20:45:34 +0900] "GET /WebJSP_JDBC_Team1/vendor/popper.js/umd/popper.min.js.map HTTP/1.1" 404 1187
0:0:0:0:0:0:0:1 - - [31/Oct/2019:20:45:34 +0900] "GET /WebJSP_JDBC_Team1/vendor/bootstrap/js/bootstrap.min.js.map HTTP/1.1" 404 1189
0:0:0:0:0:0:0:1 - - [31/Oct/2019:20:45:34 +0900] "GET /sm/203d9606ffea7a776ef56994ac4d4a1ab0a18611bf5f22fd2f82e9b682eea54f.map HTTP/1.1" 404 1190
192.168.0.146 - - [31/Oct/2019:20:45:34 +0900] "GET /WebJSP_JDBC_Team1/vendor/bootstrap/css/bootstrap.min.css.map HTTP/1.1" 404 1191
192.168.0.146 - - [31/Oct/2019:20:45:52 +0900] "GET /WebJSP_JDBC_Team1/loginok.jsp?id=admin&pwd=1004 HTTP/1.1" 200 13
192.168.0.11 - - [31/Oct/2019:20:46:25 +0900] "GET /WebJSP_JDBC_Team1/LOGIN.jsp HTTP/1.1" 404 1146
192.168.0.11 - - [31/Oct/2019:20:46:33 +0900] "GET /WebJSP_JDBC_Team1/login.jsp HTTP/1.1" 200 6649
192.168.0.11 - - [31/Oct/2019:20:46:49 +0900] "GET /WebJSP_JDBC_Team1/loginOkjsp HTTP/1.1" 404 1147
192.168.0.11 - - [31/Oct/2019:20:46:52 +0900] "GET /WebJSP_JDBC_Team1/loginokjsp HTTP/1.1" 404 1147
0:0:0:0:0:0:0:1 - - [31/Oct/2019:20:46:54 +0900] "GET /WebJSP_JDBC_Team1/vendor/popper.js/umd/popper.min.js.map HTTP/1.1" 404 1187
0:0:0:0:0:0:0:1 - - [31/Oct/2019:20:46:54 +0900] "GET /WebJSP_JDBC_Team1/vendor/bootstrap/js/bootstrap.min.js.map HTTP/1.1" 404 1189
0:0:0:0:0:0:0:1 - - [31/Oct/2019:20:46:54 +0900] "GET /sm/203d9606ffea7a776ef56994ac4d4a1ab0a18611bf5f22fd2f82e9b682eea54f.map HTTP/1.1" 404 1190
192.168.0.146 - - [31/Oct/2019:20:46:54 +0900] "GET /WebJSP_JDBC_Team1/vendor/bootstrap/css/bootstrap.min.css.map HTTP/1.1" 404 1191
192.168.0.146 - - [31/Oct/2019:20:46:55 +0900] "GET /WebJSP_JDBC_Team1/index.jsp HTTP/1.1" 200 5814
192.168.0.146 - - [31/Oct/2019:20:46:55 +0900] "GET /WebJSP_JDBC_Team1/vendor/bootstrap/css/bootstrap.min.css.map HTTP/1.1" 404 1191
0:0:0:0:0:0:0:1 - - [31/Oct/2019:20:46:55 +0900] "GET /WebJSP_JDBC_Team1/vendor/popper.js/umd/popper.min.js.map HTTP/1.1" 404 1187
0:0:0:0:0:0:0:1 - - [31/Oct/2019:20:46:55 +0900] "GET /WebJSP_JDBC_Team1/vendor/bootstrap/js/bootstrap.min.js.map HTTP/1.1" 404 1189
0:0:0:0:0:0:0:1 - - [31/Oct/2019:20:46:55 +0900] "GET /sm/203d9606ffea7a776ef56994ac4d4a1ab0a18611bf5f22fd2f82e9b682eea54f.map HTTP/1.1" 404 1190
192.168.0.146 - - [31/Oct/2019:20:46:56 +0900] "GET /WebJSP_JDBC_Team1/index.jsp HTTP/1.1" 200 5814
0:0:0:0:0:0:0:1 - - [31/Oct/2019:20:46:56 +0900] "GET /WebJSP_JDBC_Team1/img/favicon.png?3 HTTP/1.1" 200 2625
192.168.0.146 - - [31/Oct/2019:20:46:57 +0900] "GET /WebJSP_JDBC_Team1/index.jsp HTTP/1.1" 200 5814
0:0:0:0:0:0:0:1 - - [31/Oct/2019:20:46:57 +0900] "GET /WebJSP_JDBC_Team1/img/favicon.png?3 HTTP/1.1" 200 2625
192.168.0.146 - - [31/Oct/2019:20:46:57 +0900] "GET /WebJSP_JDBC_Team1/index.jsp HTTP/1.1" 200 5814
192.168.0.146 - - [31/Oct/2019:20:47:01 +0900] "GET /WebJSP_JDBC_Team1/login.jsp HTTP/1.1" 200 6647
192.168.0.146 - - [31/Oct/2019:20:47:05 +0900] "GET /WebJSP_JDBC_Team1/loginok.jsp?id=admin&pwd=1004 HTTP/1.1" 200 13
192.168.0.146 - - [31/Oct/2019:20:49:06 +0900] "GET /WebJSP_JDBC_Team1/loginok.jsp?id=admin&pwd=1004 HTTP/1.1" 200 23
192.168.0.146 - - [31/Oct/2019:20:50:29 +0900] "GET /WebJSP_JDBC_Team1/loginok.jsp?id=admin&pwd=1004 HTTP/1.1" 200 23
192.168.0.146 - - [31/Oct/2019:20:50:31 +0900] "GET /WebJSP_JDBC_Team1/login.jsp HTTP/1.1" 200 6661
0:0:0:0:0:0:0:1 - - [31/Oct/2019:20:50:31 +0900] "GET /WebJSP_JDBC_Team1/img/favicon.png?3 HTTP/1.1" 200 2625
192.168.0.146 - - [31/Oct/2019:20:50:32 +0900] "GET /WebJSP_JDBC_Team1/login.jsp HTTP/1.1" 200 6661
0:0:0:0:0:0:0:1 - - [31/Oct/2019:20:50:32 +0900] "GET /WebJSP_JDBC_Team1/img/favicon.png?3 HTTP/1.1" 200 2625
192.168.0.146 - - [31/Oct/2019:20:50:32 +0900] "GET /WebJSP_JDBC_Team1/login.jsp HTTP/1.1" 200 6661
0:0:0:0:0:0:0:1 - - [31/Oct/2019:20:50:32 +0900] "GET /WebJSP_JDBC_Team1/img/favicon.png?3 HTTP/1.1" 200 2625
192.168.0.146 - - [31/Oct/2019:20:50:32 +0900] "GET /WebJSP_JDBC_Team1/login.jsp HTTP/1.1" 200 6661
0:0:0:0:0:0:0:1 - - [31/Oct/2019:20:50:32 +0900] "GET /WebJSP_JDBC_Team1/img/favicon.png?3 HTTP/1.1" 200 2625
192.168.0.146 - - [31/Oct/2019:20:50:32 +0900] "GET /WebJSP_JDBC_Team1/login.jsp HTTP/1.1" 200 6661
0:0:0:0:0:0:0:1 - - [31/Oct/2019:20:50:32 +0900] "GET /WebJSP_JDBC_Team1/img/favicon.png?3 HTTP/1.1" 200 2625
192.168.0.146 - - [31/Oct/2019:20:50:32 +0900] "GET /WebJSP_JDBC_Team1/login.jsp HTTP/1.1" 200 6661
0:0:0:0:0:0:0:1 - - [31/Oct/2019:20:50:32 +0900] "GET /WebJSP_JDBC_Team1/img/favicon.png?3 HTTP/1.1" 200 2625
192.168.0.146 - - [31/Oct/2019:20:50:32 +0900] "GET /WebJSP_JDBC_Team1/login.jsp HTTP/1.1" 200 6661
0:0:0:0:0:0:0:1 - - [31/Oct/2019:20:50:32 +0900] "GET /WebJSP_JDBC_Team1/img/favicon.png?3 HTTP/1.1" 200 2625
192.168.0.146 - - [31/Oct/2019:20:50:33 +0900] "GET /WebJSP_JDBC_Team1/login.jsp HTTP/1.1" 200 6661
0:0:0:0:0:0:0:1 - - [31/Oct/2019:20:50:33 +0900] "GET /WebJSP_JDBC_Team1/img/favicon.png?3 HTTP/1.1" 200 2625
192.168.0.146 - - [31/Oct/2019:20:50:33 +0900] "GET /WebJSP_JDBC_Team1/login.jsp HTTP/1.1" 200 6661
0:0:0:0:0:0:0:1 - - [31/Oct/2019:20:50:33 +0900] "GET /WebJSP_JDBC_Team1/img/favicon.png?3 HTTP/1.1" 200 2625
192.168.0.146 - - [31/Oct/2019:20:50:33 +0900] "GET /WebJSP_JDBC_Team1/login.jsp HTTP/1.1" 200 6661
0:0:0:0:0:0:0:1 - - [31/Oct/2019:20:50:33 +0900] "GET /WebJSP_JDBC_Team1/img/favicon.png?3 HTTP/1.1" 200 2625
192.168.0.146 - - [31/Oct/2019:20:50:33 +0900] "GET /WebJSP_JDBC_Team1/login.jsp HTTP/1.1" 200 6661
0:0:0:0:0:0:0:1 - - [31/Oct/2019:20:50:33 +0900] "GET /WebJSP_JDBC_Team1/img/favicon.png?3 HTTP/1.1" 200 2625
192.168.0.146 - - [31/Oct/2019:20:50:36 +0900] "POST /WebJSP_JDBC_Team1/loginok.jsp HTTP/1.1" 200 23
127.0.0.1 - - [31/Oct/2019:20:51:12 +0900] "GET / HTTP/1.1" 404 1115
0:0:0:0:0:0:0:1 - - [31/Oct/2019:20:51:13 +0900] "GET /WebJSP_JDBC_Team1/login.jsp HTTP/1.1" 200 6661
0:0:0:0:0:0:0:1 - - [31/Oct/2019:20:51:23 +0900] "POST /WebJSP_JDBC_Team1/loginok.jsp HTTP/1.1" 302 -
0:0:0:0:0:0:0:1 - - [31/Oct/2019:20:51:23 +0900] "GET /WebJSP_JDBC_Team1/index.jsp HTTP/1.1" 200 5809
0:0:0:0:0:0:0:1 - - [31/Oct/2019:20:51:25 +0900] "GET /WebJSP_JDBC_Team1/memberlist.jsp HTTP/1.1" 200 7420
0:0:0:0:0:0:0:1 - - [31/Oct/2019:20:51:34 +0900] "GET /WebJSP_JDBC_Team1/memberDetail.jsp?id=hong HTTP/1.1" 200 6456
0:0:0:0:0:0:0:1 - - [31/Oct/2019:20:51:37 +0900] "GET /WebJSP_JDBC_Team1/memberlist.jsp HTTP/1.1" 200 7420
0:0:0:0:0:0:0:1 - - [31/Oct/2019:20:51:39 +0900] "GET /WebJSP_JDBC_Team1/memberDetail.jsp?id=mimi HTTP/1.1" 200 6457
0:0:0:0:0:0:0:1 - - [31/Oct/2019:20:51:39 +0900] "GET /WebJSP_JDBC_Team1/memberlist.jsp HTTP/1.1" 200 7420
0:0:0:0:0:0:0:1 - - [31/Oct/2019:20:54:16 +0900] "GET /WebJSP_JDBC_Team1/logout.jsp HTTP/1.1" 302 -
0:0:0:0:0:0:0:1 - - [31/Oct/2019:20:54:16 +0900] "GET /WebJSP_JDBC_Team1/login.jsp HTTP/1.1" 200 6661
